// Jest Snapshot v1, https://goo.gl/fbAQLP

exports[`App renders 1`] = `
<div
  className="App"
>
  <div
    className="page"
  >
    <div
      className="panel"
    >
      <div
        className="typography__primary"
      >
        <Memo(wrappedComponent)
          createDepartmentModel={
            CreateDepartmentModel {
              "dependencies": Object {
                "submitDepartment": [Function],
              },
              "name": TextInputModel {
                "required": true,
                "value": "",
              },
            }
          }
        />
      </div>
    </div>
  </div>
</div>
`;
