// Jest Snapshot v1, https://goo.gl/fbAQLP

exports[`CreateDepartment renders 1`] = `
<CreateDepartment
  createDepartmentModel={
    Object {
      "isValid": Object {},
      "name": Object {},
      "submit": [Function],
    }
  }
>
  <form>
    <TextInput
      data-department-name-input-test={true}
      label="Add new department"
      model={Object {}}
      placeholder="Write here"
      translation={
        Object {
          "addNewDepartment": "Add new department",
          "placeHolderForTextInput": "Write here",
          "submit": "Submit",
        }
      }
    >
      <InputWrapper
        label="Add new department"
      >
        <div>
          <div>
            <BodyText
              font="primary"
              size="md"
            >
              <p
                className=""
              >
                Add new department
              </p>
            </BodyText>
          </div>
          <input
            data-department-name-input-test={true}
            onChange={[Function]}
            placeholder="Write here"
            translation={
              Object {
                "addNewDepartment": "Add new department",
                "placeHolderForTextInput": "Write here",
                "submit": "Submit",
              }
            }
            type="text"
          />
        </div>
      </InputWrapper>
    </TextInput>
    <Flex
      alignRight={true}
    >
      <div
        className=""
      >
        <PrimaryButton
          data-department-submit-test={true}
          enabled={Object {}}
          onClick={[Function]}
          size="sm"
        >
          <Button
            data-department-submit-test={true}
            enabled={Object {}}
            onClick={[Function]}
            size="sm"
            variant="primary"
          >
            <button
              className=""
              data-department-submit-test={true}
              disabled={false}
              onClick={[Function]}
              type="button"
            >
              <BodyText
                font="primary"
                size="md"
              >
                <p
                  className=""
                >
                  Submit
                </p>
              </BodyText>
            </button>
          </Button>
        </PrimaryButton>
      </div>
    </Flex>
  </form>
</CreateDepartment>
`;
