// Jest Snapshot v1, https://goo.gl/fbAQLP

exports[`TextInput renders 1`] = `
<TextInput
  label="Some label"
  model={
    Object {
      "setValue": [MockFunction],
      "value": "some value",
    }
  }
  onChange={[MockFunction]}
  placeholder="Some placeholder"
>
  <InputWrapper
    label="Some label"
  >
    <div>
      <div>
        <BodyText
          font="primary"
          size="md"
        >
          <p
            className=""
          >
            Some label
          </p>
        </BodyText>
      </div>
      <input
        onChange={[Function]}
        placeholder="Some placeholder"
        type="text"
        value="some value"
      />
    </div>
  </InputWrapper>
</TextInput>
`;
